MemoryMax=8704M
MemoryHigh=8576M
CPUQuota=400%
Restart=no
Slice=guests.slice
User=hostd
NoNewPrivileges=yes
CapabilityBoundingSet=
UMask=0077
ProtectSystem=strict
ProtectHome=yes
PrivateTmp=yes
ProtectKernelTunables=yes
ProtectKernelModules=yes
ProtectKernelLogs=yes
ProtectControlGroups=yes
ProtectProc=invisible
RestrictNamespaces=yes
RestrictRealtime=yes
RestrictSUIDSGID=yes
LockPersonality=yes
SystemCallArchitectures=native
TemporaryFileSystem=/var/lib/repose/guests
BindPaths=/var/lib/repose/guests/0192f0a1-1111-7000-8000-000000000001
ReadWritePaths=/var/lib/repose/guests/0192f0a1-1111-7000-8000-000000000001
DevicePolicy=closed
DeviceAllow=/dev/kvm rw
DeviceAllow=/dev/net/tun rw
DeviceAllow=/dev/vg-guests/g-0192f0a1-1111-7000-8000-000000000001 rw
RestrictAddressFamilies=AF_UNIX AF_VSOCK
